// Jest Snapshot v1, https://goo.gl/fbAQLP

exports[`Tests on <InputSubject /> component It should match the snapshot  1`] = `
<h2>
  Input a subject and select a photo. Then, press on the preview to start.
  <form
    onSubmit={[Function]}
  >
    <input
      autoComplete="on"
      id="inputSubject"
      onChange={[Function]}
      type="text"
      value=""
    />
  </form>
</h2>
`;
