// Jest Snapshot v1, https://goo.gl/fbAQLP

exports[`Tests on <PhotoSelector /> component. It should match the snapshot and display the "previewContainer" element. 1`] = `
Array [
  <h2>
    Enter a subject and select a photo. Then, press on the preview to start.
    <form
      onSubmit={[Function]}
    >
      <input
        autoComplete="on"
        id="inputSubject"
        onChange={[Function]}
        type="text"
        value=""
      />
    </form>
  </h2>,
  <div
    id="selectorContainer"
  >
    <div
      id="sampler"
    >
      <div
        className="material-icons arrows"
        onClick={[Function]}
      >
        keyboard_double_arrow_up
      </div>
      <div
        id="photosHidder"
      >
        <div
          id="photosContainer"
          style={
            Object {
              "height": 880,
              "top": 0,
            }
          }
        >
          <div
            className="photos"
            key="63455"
          >
            <img
              alt="Primera descripción"
              className="animate__animated animate__backInLeft"
              draggable="false"
              onClick={[Function]}
              src="www.primeraUrlSmall.com"
            />
          </div>
          <div
            className="photos"
            key="5555"
          >
            <img
              alt="Segunda descripción"
              className="animate__animated animate__backInLeft"
              draggable="false"
              onClick={[Function]}
              src="www.segundaUrlSmall.com"
            />
          </div>
          <div
            className="photos"
            key="63415"
          >
            <img
              alt="Primera descripción"
              className="animate__animated animate__backInLeft"
              draggable="false"
              onClick={[Function]}
              src="www.primeraUrlSmall.com"
            />
          </div>
          <div
            className="photos"
            key="5525"
          >
            <img
              alt="Segunda descripción"
              className="animate__animated animate__backInLeft"
              draggable="false"
              onClick={[Function]}
              src="www.segundaUrlSmall.com"
            />
          </div>
          <div
            className="photos"
            key="63435"
          >
            <img
              alt="Primera descripción"
              className="animate__animated animate__backInLeft"
              draggable="false"
              onClick={[Function]}
              src="www.primeraUrlSmall.com"
            />
          </div>
          <div
            className="photos"
            key="5554"
          >
            <img
              alt="Segunda descripción"
              className="animate__animated animate__backInLeft"
              draggable="false"
              onClick={[Function]}
              src="www.segundaUrlSmall.com"
            />
          </div>
          <div
            className="photos"
            key="63555"
          >
            <img
              alt="Primera descripción"
              className="animate__animated animate__backInLeft"
              draggable="false"
              onClick={[Function]}
              src="www.primeraUrlSmall.com"
            />
          </div>
          <div
            className="photos"
            key="5565"
          >
            <img
              alt="Segunda descripción"
              className="animate__animated animate__backInLeft"
              draggable="false"
              onClick={[Function]}
              src="www.segundaUrlSmall.com"
            />
          </div>
        </div>
      </div>
      <div
        className="material-icons arrows"
        onClick={[Function]}
      >
        keyboard_double_arrow_down
      </div>
    </div>
    <div
      id="previewContainer"
    >
      <div
        id="GridInput"
      >
        <p>
          Columns
          <input
            max={8}
            min={4}
            onChange={[Function]}
            type="number"
            value={4}
          />
        </p>
        <p>
          Rows
          <input
            max={8}
            min={3}
            onChange={[Function]}
            type="number"
            value={3}
          />
        </p>
      </div>
      Array [
        <a
          href="/puzzle"
          id="photoPreviewContainer"
          onClick={[Function]}
        >
          <img
            alt="Preview"
            draggable="false"
            id="imagePreview2"
            onClick={[Function]}
            onLoad={[Function]}
          />
        </a>,
        <footer
          id="author"
        >
          Photo by 
          Mauro Donnantuoni
        </footer>,
      ]
    </div>
  </div>,
]
`;
