// Jest Snapshot v1, https://goo.gl/fbAQLP

exports[`Tests on <PhotoShowcase /> component It should match the snapshot and display two images. 1`] = `
<div
  id="sampler"
>
  <div
    className="material-icons arrows"
    onClick={[Function]}
  >
    keyboard_double_arrow_up
  </div>
  <div
    id="photosHidder"
  >
    <div
      id="photosContainer"
      style={
        Object {
          "height": 880,
          "top": 0,
        }
      }
    >
      <div
        className="photos"
        key="63455"
      >
        <img
          alt="Primera descripción"
          className="animate__animated animate__backInLeft"
          draggable="false"
          onClick={[Function]}
          src="www.primeraUrlSmall.com"
        />
      </div>
      <div
        className="photos"
        key="5555"
      >
        <img
          alt="Segunda descripción"
          className="animate__animated animate__backInLeft"
          draggable="false"
          onClick={[Function]}
          src="www.segundaUrlSmall.com"
        />
      </div>
      <div
        className="photos"
        key="63415"
      >
        <img
          alt="Primera descripción"
          className="animate__animated animate__backInLeft"
          draggable="false"
          onClick={[Function]}
          src="www.primeraUrlSmall.com"
        />
      </div>
      <div
        className="photos"
        key="5525"
      >
        <img
          alt="Segunda descripción"
          className="animate__animated animate__backInLeft"
          draggable="false"
          onClick={[Function]}
          src="www.segundaUrlSmall.com"
        />
      </div>
      <div
        className="photos"
        key="63435"
      >
        <img
          alt="Primera descripción"
          className="animate__animated animate__backInLeft"
          draggable="false"
          onClick={[Function]}
          src="www.primeraUrlSmall.com"
        />
      </div>
      <div
        className="photos"
        key="5554"
      >
        <img
          alt="Segunda descripción"
          className="animate__animated animate__backInLeft"
          draggable="false"
          onClick={[Function]}
          src="www.segundaUrlSmall.com"
        />
      </div>
      <div
        className="photos"
        key="63555"
      >
        <img
          alt="Primera descripción"
          className="animate__animated animate__backInLeft"
          draggable="false"
          onClick={[Function]}
          src="www.primeraUrlSmall.com"
        />
      </div>
      <div
        className="photos"
        key="5565"
      >
        <img
          alt="Segunda descripción"
          className="animate__animated animate__backInLeft"
          draggable="false"
          onClick={[Function]}
          src="www.segundaUrlSmall.com"
        />
      </div>
    </div>
  </div>
  <div
    className="material-icons arrows"
    onClick={[Function]}
  >
    keyboard_double_arrow_down
  </div>
</div>
`;
