// Jest Snapshot v1, https://goo.gl/fbAQLP

exports[`Tests on <Preview /> component It should match the snapshot. 1`] = `
Array [
  <a
    href="/puzzle"
    id="photoPreviewContainer"
    onClick={[Function]}
  >
    <img
      alt="Preview"
      draggable="false"
      id="imagePreview2"
      onClick={[Function]}
      onLoad={[Function]}
      src="portada.jpg"
    />
  </a>,
  <footer
    id="author"
  >
    Photo by 
    Napole√≥n
  </footer>,
]
`;
